FAIL src/pages/production/entries/EntryList.test.tsx (6.886 s)
   Console

    console.warn
       React Router Future Flag Warning: React Router will begin wrapping state updates in `React.startTransition` in v7. You can use the `v7_startTransition` future flag to opt-in early. For more information, see https://reactrouter.com/v6/upgrading/future#v7_starttransition.

    [0m [90m 161 |[39m   describe([32m'UI Rendering'[39m[33m,[39m () [33m=>[39m {
     [90m 162 |[39m     it([32m'renders the page title, toolbar controls, and export button without crashing'[39m[33m,[39m [36masync[39m () [33m=>[39m {
    [31m[1m>[22m[39m[90m 163 |[39m       render(
     [90m     |[39m             [31m[1m^[22m[39m
     [90m 164 |[39m         [33m<[39m[33mApp[39m[33m>[39m
     [90m 165 |[39m           [33m<[39m[33mBrowserRouter[39m[33m>[39m
     [90m 166 |[39m             [33m<[39m[33mEntryList[39m [33m/[39m[33m>[39m[0m

      at warnOnce (node_modules/react-router/lib/deprecations.ts:9:13)
      at logDeprecation (node_modules/react-router/lib/deprecations.ts:14:3)
      at Object.logV6DeprecationWarnings [as UNSAFE_logV6DeprecationWarnings] (node_modules/react-router/lib/deprecations.ts:26:5)
      at node_modules/react-router-dom/index.tsx:816:25
      at commitHookEffectListMount (node_modules/react-dom/cjs/react-dom.development.js:23189:26)
      at commitPassiveMountOnFiber (node_modules/react-dom/cjs/react-dom.development.js:24970:11)
      at commitPassiveMountEffects_complete (node_modules/react-dom/cjs/react-dom.development.js:24930:9)
      at commitPassiveMountEffects_begin (node_modules/react-dom/cjs/react-dom.development.js:24917:7)
      at commitPassiveMountEffects (node_modules/react-dom/cjs/react-dom.development.js:24905:3)
      at flushPassiveEffectsImpl (node_modules/react-dom/cjs/react-dom.development.js:27078:3)
      at flushPassiveEffects (node_modules/react-dom/cjs/react-dom.development.js:27023:14)
      at performSyncWorkOnRoot (node_modules/react-dom/cjs/react-dom.development.js:26115:3)
      at flushSyncCallbacks (node_modules/react-dom/cjs/react-dom.development.js:12042:22)
      at commitRootImpl (node_modules/react-dom/cjs/react-dom.development.js:26998:3)
      at commitRoot (node_modules/react-dom/cjs/react-dom.development.js:26721:5)
      at finishConcurrentRender (node_modules/react-dom/cjs/react-dom.development.js:26020:9)
      at performConcurrentWorkOnRoot (node_modules/react-dom/cjs/react-dom.development.js:25848:7)
      at flushActQueue (node_modules/react/cjs/react.development.js:2667:24)
      at act (node_modules/react/cjs/react.development.js:2582:11)
      at node_modules/@testing-library/react/dist/act-compat.js:47:25
      at renderRoot (node_modules/@testing-library/react/dist/pure.js:180:26)
      at render (node_modules/@testing-library/react/dist/pure.js:271:10)
      at Object.<anonymous> (src/pages/production/entries/EntryList.test.tsx:163:13)

    console.warn
       React Router Future Flag Warning: Relative route resolution within Splat routes is changing in v7. You can use the `v7_relativeSplatPath` future flag to opt-in early. For more information, see https://reactrouter.com/v6/upgrading/future#v7_relativesplatpath.

    [0m [90m 161 |[39m   describe([32m'UI Rendering'[39m[33m,[39m () [33m=>[39m {
     [90m 162 |[39m     it([32m'renders the page title, toolbar controls, and export button without crashing'[39m[33m,[39m [36masync[39m () [33m=>[39m {
    [31m[1m>[22m[39m[90m 163 |[39m       render(
     [90m     |[39m             [31m[1m^[22m[39m
     [90m 164 |[39m         [33m<[39m[33mApp[39m[33m>[39m
     [90m 165 |[39m           [33m<[39m[33mBrowserRouter[39m[33m>[39m
     [90m 166 |[39m             [33m<[39m[33mEntryList[39m [33m/[39m[33m>[39m[0m

      at warnOnce (node_modules/react-router/lib/deprecations.ts:9:13)
      at logDeprecation (node_modules/react-router/lib/deprecations.ts:14:3)
      at Object.logV6DeprecationWarnings [as UNSAFE_logV6DeprecationWarnings] (node_modules/react-router/lib/deprecations.ts:37:5)
      at node_modules/react-router-dom/index.tsx:816:25
      at commitHookEffectListMount (node_modules/react-dom/cjs/react-dom.development.js:23189:26)
      at commitPassiveMountOnFiber (node_modules/react-dom/cjs/react-dom.development.js:24970:11)
      at commitPassiveMountEffects_complete (node_modules/react-dom/cjs/react-dom.development.js:24930:9)
      at commitPassiveMountEffects_begin (node_modules/react-dom/cjs/react-dom.development.js:24917:7)
      at commitPassiveMountEffects (node_modules/react-dom/cjs/react-dom.development.js:24905:3)
      at flushPassiveEffectsImpl (node_modules/react-dom/cjs/react-dom.development.js:27078:3)
      at flushPassiveEffects (node_modules/react-dom/cjs/react-dom.development.js:27023:14)
      at performSyncWorkOnRoot (node_modules/react-dom/cjs/react-dom.development.js:26115:3)
      at flushSyncCallbacks (node_modules/react-dom/cjs/react-dom.development.js:12042:22)
      at commitRootImpl (node_modules/react-dom/cjs/react-dom.development.js:26998:3)
      at commitRoot (node_modules/react-dom/cjs/react-dom.development.js:26721:5)
      at finishConcurrentRender (node_modules/react-dom/cjs/react-dom.development.js:26020:9)
      at performConcurrentWorkOnRoot (node_modules/react-dom/cjs/react-dom.development.js:25848:7)
      at flushActQueue (node_modules/react/cjs/react.development.js:2667:24)
      at act (node_modules/react/cjs/react.development.js:2582:11)
      at node_modules/@testing-library/react/dist/act-compat.js:47:25
      at renderRoot (node_modules/@testing-library/react/dist/pure.js:180:26)
      at render (node_modules/@testing-library/react/dist/pure.js:271:10)
      at Object.<anonymous> (src/pages/production/entries/EntryList.test.tsx:163:13)

    console.error
      Warning: An update to ForwardRef inside a test was not wrapped in act(...).
      
      When testing, code that causes React state updates should be wrapped into act(...):
      
      act(() => {
        /* fire events that update state */
      });
      /* assert on the output */
      
      This ensures that you're testing the behavior the user would see in the browser. Learn more at https://reactjs.org/link/wrap-tests-with-act
          at D:\ERP-MRP-PWI-2026\frontend\node_modules\antd\lib\message\useMessage.js:52:5
          at div
          at App (D:\ERP-MRP-PWI-2026\frontend\node_modules\antd\lib\app\App.js:21:16)

    [0m [90m 213 |[39m       setTotal(res[33m.[39mtotal [33m||[39m [35m0[39m)[33m;[39m
     [90m 214 |[39m     } [36mcatch[39m {
    [31m[1m>[22m[39m[90m 215 |[39m       message[33m.[39merror([32m'Failed to load production entries'[39m)[33m;[39m
     [90m     |[39m               [31m[1m^[22m[39m
     [90m 216 |[39m     } [36mfinally[39m {
     [90m 217 |[39m       setLoading([36mfalse[39m)[33m;[39m
     [90m 218 |[39m     }[0m

      at printWarning (node_modules/react-dom/cjs/react-dom.development.js:86:30)
      at error (node_modules/react-dom/cjs/react-dom.development.js:60:7)
      at warnIfUpdatesNotWrappedWithActDEV (node_modules/react-dom/cjs/react-dom.development.js:27628:9)
      at scheduleUpdateOnFiber (node_modules/react-dom/cjs/react-dom.development.js:25547:5)
      at dispatchSetState (node_modules/react-dom/cjs/react-dom.development.js:16708:7)
      at Object.current (node_modules/rc-notification/lib/hooks/useNotification.js:79:5)
      at node_modules/rc-util/lib/hooks/useEvent.js:17:114
      at node_modules/antd/lib/message/useMessage.js:152:9
      at node_modules/antd/lib/message/util.js:17:15
      at wrapPromiseFn (node_modules/antd/lib/message/util.js:16:24)
      at open (node_modules/antd/lib/message/useMessage.js:151:38)
      at Object.error (node_modules/antd/lib/message/useMessage.js:212:16)
      at src/pages/production/entries/EntryList.tsx:215:15

    console.error
      Warning: An update to EntryList inside a test was not wrapped in act(...).
      
      When testing, code that causes React state updates should be wrapped into act(...):
      
      act(() => {
        /* fire events that update state */
      });
      /* assert on the output */
      
      This ensures that you're testing the behavior the user would see in the browser. Learn more at https://reactjs.org/link/wrap-tests-with-act
          at EntryList (D:\ERP-MRP-PWI-2026\frontend\src\pages\production\entries\EntryList.tsx:162:27)
          at Router (D:\ERP-MRP-PWI-2026\frontend\node_modules\react-router\lib\components.tsx:421:13)
          at BrowserRouter (D:\ERP-MRP-PWI-2026\frontend\node_modules\react-router-dom\index.tsx:789:3)
          at div
          at App (D:\ERP-MRP-PWI-2026\frontend\node_modules\antd\lib\app\App.js:21:16)

    [0m [90m 215 |[39m       message[33m.[39merror([32m'Failed to load production entries'[39m)[33m;[39m
     [90m 216 |[39m     } [36mfinally[39m {
    [31m[1m>[22m[39m[90m 217 |[39m       setLoading([36mfalse[39m)[33m;[39m
     [90m     |[39m       [31m[1m^[22m[39m
     [90m 218 |[39m     }
     [90m 219 |[39m   }[33m,[39m [page[33m,[39m pageSize[33m,[39m buildFilters[33m,[39m message])[33m;[39m
     [90m 220 |[39m[0m

      at printWarning (node_modules/react-dom/cjs/react-dom.development.js:86:30)
      at error (node_modules/react-dom/cjs/react-dom.development.js:60:7)
      at warnIfUpdatesNotWrappedWithActDEV (node_modules/react-dom/cjs/react-dom.development.js:27628:9)
      at scheduleUpdateOnFiber (node_modules/react-dom/cjs/react-dom.development.js:25547:5)
      at setLoading (node_modules/react-dom/cjs/react-dom.development.js:16708:7)
      at src/pages/production/entries/EntryList.tsx:217:7

    console.error
      Warning: An update to EntryList inside a test was not wrapped in act(...).
      
      When testing, code that causes React state updates should be wrapped into act(...):
      
      act(() => {
        /* fire events that update state */
      });
      /* assert on the output */
      
      This ensures that you're testing the behavior the user would see in the browser. Learn more at https://reactjs.org/link/wrap-tests-with-act
          at EntryList (D:\ERP-MRP-PWI-2026\frontend\src\pages\production\entries\EntryList.tsx:162:27)
          at Router (D:\ERP-MRP-PWI-2026\frontend\node_modules\react-router\lib\components.tsx:421:13)
          at BrowserRouter (D:\ERP-MRP-PWI-2026\frontend\node_modules\react-router-dom\index.tsx:789:3)
          at div
          at App (D:\ERP-MRP-PWI-2026\frontend\node_modules\antd\lib\app\App.js:21:16)

    [0m [90m 226 |[39m         buildFilters()[33m,[39m
     [90m 227 |[39m       )[33m;[39m
    [31m[1m>[22m[39m[90m 228 |[39m       setReport(res)[33m;[39m
     [90m     |[39m       [31m[1m^[22m[39m
     [90m 229 |[39m     } [36mcatch[39m {
     [90m 230 |[39m       message[33m.[39merror([32m'Failed to load production report'[39m)[33m;[39m
     [90m 231 |[39m     } [36mfinally[39m {[0m

      at printWarning (node_modules/react-dom/cjs/react-dom.development.js:86:30)
      at error (node_modules/react-dom/cjs/react-dom.development.js:60:7)
      at warnIfUpdatesNotWrappedWithActDEV (node_modules/react-dom/cjs/react-dom.development.js:27628:9)
      at scheduleUpdateOnFiber (node_modules/react-dom/cjs/react-dom.development.js:25547:5)
      at setReport (node_modules/react-dom/cjs/react-dom.development.js:16708:7)
      at src/pages/production/entries/EntryList.tsx:228:7

    console.error
      Warning: An update to EntryList inside a test was not wrapped in act(...).
      
      When testing, code that causes React state updates should be wrapped into act(...):
      
      act(() => {
        /* fire events that update state */
      });
      /* assert on the output */
      
      This ensures that you're testing the behavior the user would see in the browser. Learn more at https://reactjs.org/link/wrap-tests-with-act
          at EntryList (D:\ERP-MRP-PWI-2026\frontend\src\pages\production\entries\EntryList.tsx:162:27)
          at Router (D:\ERP-MRP-PWI-2026\frontend\node_modules\react-router\lib\components.tsx:421:13)
          at BrowserRouter (D:\ERP-MRP-PWI-2026\frontend\node_modules\react-router-dom\index.tsx:789:3)
          at div
          at App (D:\ERP-MRP-PWI-2026\frontend\node_modules\antd\lib\app\App.js:21:16)

    [0m [90m 230 |[39m       message[33m.[39merror([32m'Failed to load production report'[39m)[33m;[39m
     [90m 231 |[39m     } [36mfinally[39m {
    [31m[1m>[22m[39m[90m 232 |[39m       setReportLoading([36mfalse[39m)[33m;[39m
     [90m     |[39m       [31m[1m^[22m[39m
     [90m 233 |[39m     }
     [90m 234 |[39m   }[33m,[39m [buildFilters[33m,[39m message])[33m;[39m
     [90m 235 |[39m[0m

      at printWarning (node_modules/react-dom/cjs/react-dom.development.js:86:30)
      at error (node_modules/react-dom/cjs/react-dom.development.js:60:7)
      at warnIfUpdatesNotWrappedWithActDEV (node_modules/react-dom/cjs/react-dom.development.js:27628:9)
      at scheduleUpdateOnFiber (node_modules/react-dom/cjs/react-dom.development.js:25547:5)
      at setReportLoading (node_modules/react-dom/cjs/react-dom.development.js:16708:7)
      at src/pages/production/entries/EntryList.tsx:232:7

   Daily Production Entry  EntryList Component  UI Rendering  renders the page title, toolbar controls, and export button without crashing

    TestingLibraryElementError: Unable to find an element with the text: Daily Production Entry. This could be because the text is broken up by multiple elements. In this case, you can provide a function for your text matcher to make your matcher more flexible.

    Ignored nodes: comments, script, style
    [36m<body>[39m
      [36m<div>[39m
        [36m<div[39m
          [33mclass[39m=[32m"css-dev-only-do-not-override-mncuj7 ant-app"[39m
        [36m>[39m
          [36m<div[39m
            [33mstyle[39m=[32m"max-width: 100%; overflow-x: hidden;"[39m
          [36m>[39m
            [36m<div[39m
              [33mclass[39m=[32m"erp-collapsible-filters erp-collapsible-filters--expanded"[39m
            [36m>[39m
              [36m<div[39m
                [33mclass[39m=[32m"erp-collapsible-filters__header"[39m
              [36m>[39m
                [36m<div[39m
                  [33mclass[39m=[32m"erp-collapsible-filters__toggle"[39m
                  [33mrole[39m=[32m"button"[39m
                  [33mtabindex[39m=[32m"0"[39m
                [36m>[39m
                  [36m<span[39m
                    [33maria-label[39m=[32m"filter"[39m
                    [33mclass[39m=[32m"anticon anticon-filter"[39m
                    [33mrole[39m=[32m"img"[39m
                  [36m>[39m
                    [36m<svg[39m
                      [33maria-hidden[39m=[32m"true"[39m
                      [33mdata-icon[39m=[32m"filter"[39m
                      [33mfill[39m=[32m"currentColor"[39m
                      [33mfocusable[39m=[32m"false"[39m
                      [33mheight[39m=[32m"1em"[39m
                      [33mviewBox[39m=[32m"64 64 896 896"[39m
                      [33mwidth[39m=[32m"1em"[39m
                    [36m>[39m
                      [36m<path[39m
                        [33md[39m=[32m"M880.1 154H143.9c-24.5 0-39.8 26.7-27.5 48L349 597.4V838c0 17.7 14.2 32 31.8 32h262.4c17.6 0 31.8-14.3 31.8-32V597.4L907.7 202c12.2-21.3-3.1-48-27.6-48zM603.4 798H420.6V642h182.9v156zm9.6-236.6l-9.5 16.6h-183l-9.5-16.6L212.7 226h598.6L613 561.4z"[39m
                      [36m/>[39m
                    [36m</svg>[39m
                  [36m</span>[39m
                  [36m<span>[39m
                    [0mFilters[0m
                  [36m</span>[39m
                  [36m<span[39m
                    [33maria-label[39m=[32m"down"[39m
                    [33mclass[39m=[32m"anticon anticon-down"[39m
                    [33mrole[39m=[32m"img"[39m
                    [33mstyle[39m=[32m"font-size: 10px; margin-left: 4px; transition: transform 0.2s; transform: rotate(0deg);"[39m
                  [36m>[39m
                    [36m<svg[39m
                      [33maria-hidden[39m=[32m"true"[39m
                      [33mdata-icon[39m=[32m"down"[39m
                      [33mfill[39m=[32m"currentColor"[39m
                      [33mfocusable[39m=[32m"false"[39m
                      [33mheight[39m=[32m"1em"[39m
                      [33mviewBox[39m=[32m"64 64 896 896"[39m
                      [33mwidth[39m=[32m"1em"[39m
                    [36m>[39m
                      [36m<path[39m
                        [33md[39m=[32m"M884 256h-75c-5.1 0-9.9 2.5-12.9 6.6L512 654.2 227.9 262.6c-3-4.1-7.8-6.6-12.9-6.6h-75c-6.5 0-10.3 7.4-6.5 12.7l352.6 486.1c12.8 17.6 39 17.6 51.7 0l352.6-486.1c3.9-5.3.1-12.7-6.4-12.7z"[39m
                      [36m/>[39m
                    [36m</svg>[39m
                  [36m</span>[39m
                [36m</div>[39m
                [36m<div[39m
                  [33mclass[39m=[32m"ant-space css-dev-only-do-not-override-mncuj7 ant-space-horizontal ant-space-align-center"[39m
                  [33mstyle[39m=[32m"column-gap: 8px; row-gap: 8px;"[39m
                [36m/>[39m
              [36m</div>[39m
              [36m<div[39m
                [33mclass[39m=[32m"erp-collapsible-filters__body"[39m
              [36m>[39m
                [36m<div[39m
                  [33mclass[39m=[32m"ant-row ant-row-middle css-dev-only-do-not-override-mncuj7"[39m
                  [33mstyle[39m=[32m"margin-left: -5px; margin-right: -5px; row-gap: 10px;"[39m
                [36m>[39m
                  [36m<div[39m
                    [33mclass[39m=[32m"ant-col ant-col-xs-24 ant-col-sm-12 ant-col-md-6 ant-col-lg-4 css-dev-only-do-not-override-mncuj7"[39m
                    [33mstyle[39m=[32m"padding-left: 5px; padding-right: 5px;"[39m
                  [36m>[39m
                    [36m<span[39m
                      [33mclass[39m=[32m"ant-typography ant-typography-secondary css-dev-only-do-not-override-mncuj7"[39m
                      [33mstyle[39m=[32m"display: block; font-size: 11px; margin-bottom: 2px;"[39m
                    [36m>[39m
                      [0mQuick Search[0m
                    [36m</span>[39m
                    [36m<span[39m
                      [33mclass[39m=[32m"ant-input-affix-wrapper css-dev-only-do-not-override-mncuj7 ant-input-outlined"[39m
                    [36m>[39m
                      [36m<span[39m
                        [33mclass[39m=[32m"ant-input-prefix"[39m
                      [36m>[39m
                        [36m<span[39m
                          [33maria-label[39m=[32m"search"[39m
                          [33mclass[39m=[32m"anticon anticon-search"[39m
                          [33mrole[39m=[32m"img"[39m
                        [36m>[39m
                          [36m<svg[39m
                            [33maria-hidden[39m=[32m"true"[39m
                            [33mdata-icon[39m=[32m"search"[39m
                            [33mfill[39m=[32m"currentColor"[39m
                            [33mfocusable[39m=[32m"false"[39m
                            [33mheight[39m=[32m"1em"[39m
                            [33mviewBox[39m=[32m"64 64 896 896"[39m
                            [33mwidth[39m=[32m"1em"[39m
                          [36m>[39m
                            [36m<path[39m
                              [33md[39m=[32m"M909.6 854.5L649.9 594.8C690.2 542.7 712 479 712 412c0-80.2-31.3-155.4-87.9-212.1-56.6-56.7-132-87.9-212.1-87.9s-155.5 31.3-212.1 87.9C143.2 256.5 112 331.8 112 412c0 80.1 31.3 155.5 87.9 212.1C256.5 680.8 331.8 712 412 712c67 0 130.6-21.8 182.7-62l259.7 259.6a8.2 8.2 0 0011.6 0l43.6-43.5a8.2 8.2 0 000-11.6zM570.4 570.4C528 612.7 471.8 636 412 636s-116-23.3-158.4-65.6C211.3 528 188 471.8 188 412s23.3-116.1 65.6-158.4C296 211.3 352.2 188 412 188s116.1 23.2 158.4 65.6S636 352.2 636 412s-23.3 116.1-65.6 158.4z"[39m
                            [36m/>[39m
                          [36m</svg>[39m
                        [36m</span>[39m
                      [36m</span>[39m
                      [36m<input[39m
                        [33mclass[39m=[32m"ant-input css-dev-only-do-not-override-mncuj7"[39m
                        [33mplaceholder[39m=[32m"Search entries..."[39m
                        [33mtype[39m=[32m"text"[39m
                        [33mvalue[39m=[32m""[39m
                      [36m/>[39m
                      [36m<span[39m
                        [33mclass[39m=[32m"ant-input-suffix"[39m
                      [36m>[39m
                        [36m<button[39m
                          [33mclass[39m=[32m"ant-input-clear-icon ant-input-clear-icon-hidden"[39m
                          [33mtabindex[39m=[32m"-1"[39m
                          [33mtype[39m=[32m"button"[39m
                        [36m>[39m
                          [36m...

    [0m [90m 170 |[39m
     [90m 171 |[39m       [90m// Title[39m
    [31m[1m>[22m[39m[90m 172 |[39m       expect(screen[33m.[39mgetByText([32m'Daily Production Entry'[39m))[33m.[39mtoBeInTheDocument()[33m;[39m
     [90m     |[39m                     [31m[1m^[22m[39m
     [90m 173 |[39m
     [90m 174 |[39m       [90m// Quick Search input[39m
     [90m 175 |[39m       expect(screen[33m.[39mgetByPlaceholderText([32m'Search entries...'[39m))[33m.[39mtoBeInTheDocument()[33m;[39m[0m

      at Object.getElementError (node_modules/@testing-library/dom/dist/config.js:37:19)
      at node_modules/@testing-library/dom/dist/query-helpers.js:76:38
      at node_modules/@testing-library/dom/dist/query-helpers.js:52:17
      at getByText (node_modules/@testing-library/dom/dist/query-helpers.js:95:19)
      at Object.<anonymous> (src/pages/production/entries/EntryList.test.tsx:172:21)

FAIL src/pages/organization/DepartmentManagement.test.tsx (8.107 s)
   Console

    console.warn
       React Router Future Flag Warning: React Router will begin wrapping state updates in `React.startTransition` in v7. You can use the `v7_startTransition` future flag to opt-in early. For more information, see https://reactrouter.com/v6/upgrading/future#v7_starttransition.

    [0m [90m 81 |[39m
     [90m 82 |[39m [36mconst[39m renderComponent [33m=[39m () [33m=>[39m
    [31m[1m>[22m[39m[90m 83 |[39m   render(
     [90m    |[39m         [31m[1m^[22m[39m
     [90m 84 |[39m     [33m<[39m[33mMemoryRouter[39m[33m>[39m
     [90m 85 |[39m       [33m<[39m[33mApp[39m[33m>[39m
     [90m 86 |[39m         [33m<[39m[33mDepartmentManagement[39m [33m/[39m[33m>[39m[0m

      at warnOnce (node_modules/react-router/lib/deprecations.ts:9:13)
      at logDeprecation (node_modules/react-router/lib/deprecations.ts:14:3)
      at logV6DeprecationWarnings (node_modules/react-router/lib/deprecations.ts:26:5)
      at node_modules/react-router/lib/components.tsx:257:25
      at commitHookEffectListMount (node_modules/react-dom/cjs/react-dom.development.js:23189:26)
      at commitPassiveMountOnFiber (node_modules/react-dom/cjs/react-dom.development.js:24970:11)
      at commitPassiveMountEffects_complete (node_modules/react-dom/cjs/react-dom.development.js:24930:9)
      at commitPassiveMountEffects_begin (node_modules/react-dom/cjs/react-dom.development.js:24917:7)
      at commitPassiveMountEffects (node_modules/react-dom/cjs/react-dom.development.js:24905:3)
      at flushPassiveEffectsImpl (node_modules/react-dom/cjs/react-dom.development.js:27078:3)
      at flushPassiveEffects (node_modules/react-dom/cjs/react-dom.development.js:27023:14)
      at performSyncWorkOnRoot (node_modules/react-dom/cjs/react-dom.development.js:26115:3)
      at flushSyncCallbacks (node_modules/react-dom/cjs/react-dom.development.js:12042:22)
      at commitRootImpl (node_modules/react-dom/cjs/react-dom.development.js:26998:3)
      at commitRoot (node_modules/react-dom/cjs/react-dom.development.js:26721:5)
      at finishConcurrentRender (node_modules/react-dom/cjs/react-dom.development.js:26020:9)
      at performConcurrentWorkOnRoot (node_modules/react-dom/cjs/react-dom.development.js:25848:7)
      at flushActQueue (node_modules/react/cjs/react.development.js:2667:24)
      at act (node_modules/react/cjs/react.development.js:2582:11)
      at node_modules/@testing-library/react/dist/act-compat.js:47:25
      at renderRoot (node_modules/@testing-library/react/dist/pure.js:180:26)
      at render (node_modules/@testing-library/react/dist/pure.js:271:10)
      at renderComponent (src/pages/organization/DepartmentManagement.test.tsx:83:9)
      at Object.<anonymous> (src/pages/organization/DepartmentManagement.test.tsx:105:5)

    console.warn
       React Router Future Flag Warning: Relative route resolution within Splat routes is changing in v7. You can use the `v7_relativeSplatPath` future flag to opt-in early. For more information, see https://reactrouter.com/v6/upgrading/future#v7_relativesplatpath.

    [0m [90m 81 |[39m
     [90m 82 |[39m [36mconst[39m renderComponent [33m=[39m () [33m=>[39m
    [31m[1m>[22m[39m[90m 83 |[39m   render(
     [90m    |[39m         [31m[1m^[22m[39m
     [90m 84 |[39m     [33m<[39m[33mMemoryRouter[39m[33m>[39m
     [90m 85 |[39m       [33m<[39m[33mApp[39m[33m>[39m
     [90m 86 |[39m         [33m<[39m[33mDepartmentManagement[39m [33m/[39m[33m>[39m[0m

      at warnOnce (node_modules/react-router/lib/deprecations.ts:9:13)
      at logDeprecation (node_modules/react-router/lib/deprecations.ts:14:3)
      at logV6DeprecationWarnings (node_modules/react-router/lib/deprecations.ts:37:5)
      at node_modules/react-router/lib/components.tsx:257:25
      at commitHookEffectListMount (node_modules/react-dom/cjs/react-dom.development.js:23189:26)
      at commitPassiveMountOnFiber (node_modules/react-dom/cjs/react-dom.development.js:24970:11)
      at commitPassiveMountEffects_complete (node_modules/react-dom/cjs/react-dom.development.js:24930:9)
      at commitPassiveMountEffects_begin (node_modules/react-dom/cjs/react-dom.development.js:24917:7)
      at commitPassiveMountEffects (node_modules/react-dom/cjs/react-dom.development.js:24905:3)
      at flushPassiveEffectsImpl (node_modules/react-dom/cjs/react-dom.development.js:27078:3)
      at flushPassiveEffects (node_modules/react-dom/cjs/react-dom.development.js:27023:14)
      at performSyncWorkOnRoot (node_modules/react-dom/cjs/react-dom.development.js:26115:3)
      at flushSyncCallbacks (node_modules/react-dom/cjs/react-dom.development.js:12042:22)
      at commitRootImpl (node_modules/react-dom/cjs/react-dom.development.js:26998:3)
      at commitRoot (node_modules/react-dom/cjs/react-dom.development.js:26721:5)
      at finishConcurrentRender (node_modules/react-dom/cjs/react-dom.development.js:26020:9)
      at performConcurrentWorkOnRoot (node_modules/react-dom/cjs/react-dom.development.js:25848:7)
      at flushActQueue (node_modules/react/cjs/react.development.js:2667:24)
      at act (node_modules/react/cjs/react.development.js:2582:11)
      at node_modules/@testing-library/react/dist/act-compat.js:47:25
      at renderRoot (node_modules/@testing-library/react/dist/pure.js:180:26)
      at render (node_modules/@testing-library/react/dist/pure.js:271:10)
      at renderComponent (src/pages/organization/DepartmentManagement.test.tsx:83:9)
      at Object.<anonymous> (src/pages/organization/DepartmentManagement.test.tsx:105:5)

   DepartmentManagement (ORG-FIX-01)  renders the department list with audit columns

    TestingLibraryElementError: Unable to find an element with the text: 01-Sep-2026 08:00. This could be because the text is broken up by multiple elements. In this case, you can provide a function for your text matcher to make your matcher more flexible.

    Ignored nodes: comments, script, style
    [36m<body>[39m
      [36m<div>[39m
        [36m<div[39m
          [33mclass[39m=[32m"css-dev-only-do-not-override-mncuj7 ant-app"[39m
        [36m>[39m
          [36m<div[39m
            [33mclass[39m=[32m"ant-card ant-card-bordered css-dev-only-do-not-override-mncuj7"[39m
          [36m>[39m
            [36m<div[39m
              [33mclass[39m=[32m"ant-card-head"[39m
            [36m>[39m
              [36m<div[39m
                [33mclass[39m=[32m"ant-card-head-wrapper"[39m
              [36m>[39m
                [36m<div[39m
                  [33mclass[39m=[32m"ant-card-head-title"[39m
                [36m>[39m
                  [0mDepartment Management[0m
                [36m</div>[39m
                [36m<div[39m
                  [33mclass[39m=[32m"ant-card-extra"[39m
                [36m>[39m
                  [36m<div[39m
                    [33mclass[39m=[32m"ant-space css-dev-only-do-not-override-mncuj7 ant-space-horizontal ant-space-align-center ant-space-gap-row-small ant-space-gap-col-small"[39m
                  [36m>[39m
                    [36m<div[39m
                      [33mclass[39m=[32m"ant-space-item"[39m
                    [36m>[39m
                      [36m<button[39m
                        [33mclass[39m=[32m"ant-btn css-dev-only-do-not-override-mncuj7 ant-btn-primary ant-btn-color-primary ant-btn-variant-solid"[39m
                        [33mtype[39m=[32m"button"[39m
                      [36m>[39m
                        [36m<span>[39m
                          [0mTable View[0m
                        [36m</span>[39m
                      [36m</button>[39m
                    [36m</div>[39m
                    [36m<div[39m
                      [33mclass[39m=[32m"ant-space-item"[39m
                    [36m>[39m
                      [36m<button[39m
                        [33mclass[39m=[32m"ant-btn css-dev-only-do-not-override-mncuj7 ant-btn-default ant-btn-color-default ant-btn-variant-outlined"[39m
                        [33mtype[39m=[32m"button"[39m
                      [36m>[39m
                        [36m<span[39m
                          [33mclass[39m=[32m"ant-btn-icon"[39m
                        [36m>[39m
                          [36m<span[39m
                            [33maria-label[39m=[32m"apartment"[39m
                            [33mclass[39m=[32m"anticon anticon-apartment"[39m
                            [33mrole[39m=[32m"img"[39m
                          [36m>[39m
                            [36m<svg[39m
                              [33maria-hidden[39m=[32m"true"[39m
                              [33mdata-icon[39m=[32m"apartment"[39m
                              [33mfill[39m=[32m"currentColor"[39m
                              [33mfocusable[39m=[32m"false"[39m
                              [33mheight[39m=[32m"1em"[39m
                              [33mviewBox[39m=[32m"64 64 896 896"[39m
                              [33mwidth[39m=[32m"1em"[39m
                            [36m>[39m
                              [36m<path[39m
                                [33md[39m=[32m"M908 640H804V488c0-4.4-3.6-8-8-8H548v-96h108c8.8 0 16-7.2 16-16V80c0-8.8-7.2-16-16-16H368c-8.8 0-16 7.2-16 16v288c0 8.8 7.2 16 16 16h108v96H228c-4.4 0-8 3.6-8 8v152H116c-8.8 0-16 7.2-16 16v288c0 8.8 7.2 16 16 16h288c8.8 0 16-7.2 16-16V656c0-8.8-7.2-16-16-16H292v-88h440v88H620c-8.8 0-16 7.2-16 16v288c0 8.8 7.2 16 16 16h288c8.8 0 16-7.2 16-16V656c0-8.8-7.2-16-16-16zm-564 76v168H176V716h168zm84-408V140h168v168H428zm420 576H680V716h168v168z"[39m
                              [36m/>[39m
                            [36m</svg>[39m
                          [36m</span>[39m
                        [36m</span>[39m
                        [36m<span>[39m
                          [0mTree View[0m
                        [36m</span>[39m
                      [36m</button>[39m
                    [36m</div>[39m
                  [36m</div>[39m
                [36m</div>[39m
              [36m</div>[39m
            [36m</div>[39m
            [36m<div[39m
              [33mclass[39m=[32m"ant-card-body"[39m
            [36m>[39m
              [36m<div[39m
                [33mclass[39m=[32m"ant-space css-dev-only-do-not-override-mncuj7 ant-space-horizontal ant-space-align-center ant-space-gap-row-small ant-space-gap-col-small"[39m
                [33mstyle[39m=[32m"flex-wrap: wrap; margin-bottom: 16px;"[39m
              [36m>[39m
                [36m<div[39m
                  [33mclass[39m=[32m"ant-space-item"[39m
                [36m>[39m
                  [36m<div[39m
                    [33mclass[39m=[32m"ant-select ant-select-outlined css-dev-only-do-not-override-mncuj7 ant-select-single ant-select-allow-clear ant-select-show-arrow"[39m
                    [33mstyle[39m=[32m"width: 200px;"[39m
                  [36m>[39m
                    [36m<div[39m
                      [33mclass[39m=[32m"ant-select-selector"[39m
                    [36m>[39m
                      [36m<span[39m
                        [33mclass[39m=[32m"ant-select-selection-wrap"[39m
                      [36m>[39m
                        [36m<span[39m
                          [33mclass[39m=[32m"ant-select-selection-search"[39m
                        [36m>[39m
                          [36m<input[39m
                            [33maria-autocomplete[39m=[32m"list"[39m
                            [33maria-controls[39m=[32m"rc_select_TEST_OR_SSR_list"[39m
                            [33maria-expanded[39m=[32m"false"[39m
                            [33maria-haspopup[39m=[32m"listbox"[39m
                            [33maria-owns[39m=[32m"rc_select_TEST_OR_SSR_list"[39m
                            [33mautocomplete[39m=[32m"off"[39m
                            [33mclass[39m=[32m"ant-select-selection-search-input"[39m
                            [33mid[39m=[32m"rc_select_TEST_OR_SSR"[39m
                            [33mreadonly[39m=[32m""[39m
                            [33mrole[39m=[32m"combobox"[39m
                            [33mstyle[39m=[32m"opacity: 0;"[39m
                            [33mtype[39m=[32m"search"[39m
                            [33munselectable[39m=[32m"on"[39m
                            [33mvalue[39m=[32m""[39m
                          [36m/>[39m
                        [36m</span>[39m
                        [36m<span[39m
                          [33mclass[39m=[32m"ant-select-selection-placeholder"[39m
                        [36m>[39m
                          [0mFilter by company[0m
                        [36m</span>[39m
                      [36m</span>[39m
                    [36m</div>[39m
                    [36m<span[39m
                      [33maria-hidden[39m=[32m"true"[39m
                      [33mclass[39m=[32m"ant-select-arrow"[39m
                      [33mstyle[39m=[32m"user-select: none;"[39m
                      [33munselectable[39m=[32m"on"[39m
                    [36m>[39m
                      [36m<span[39m
                        [33maria-label[39m=[32m"down"[39m
                        [33mclass[39m=[32m"anticon anticon-down ant-select-suffix"[39m
                        [33mrole[39m=[32m...

    [0m [90m 114 |[39m     expect(screen[33m.[39mgetAllByText([32m'Afsar'[39m)[33m.[39mlength)[33m.[39mtoBeGreaterThan([35m0[39m)[33m;[39m
     [90m 115 |[39m     expect(screen[33m.[39mgetAllByText([32m'Khalid'[39m)[33m.[39mlength)[33m.[39mtoBeGreaterThan([35m0[39m)[33m;[39m
    [31m[1m>[22m[39m[90m 116 |[39m     expect(screen[33m.[39mgetAllByText([32m'01-Sep-2026 08:00'[39m)[33m.[39mlength)[33m.[39mtoBeGreaterThan([35m0[39m)[33m;[39m
     [90m     |[39m                   [31m[1m^[22m[39m
     [90m 117 |[39m     expect(screen[33m.[39mgetAllByText([32m'10-Sep-2026 09:30'[39m)[33m.[39mlength)[33m.[39mtoBeGreaterThan([35m0[39m)[33m;[39m
     [90m 118 |[39m     expect(screen[33m.[39mgetAllByText([32m'Drawing Section'[39m)[33m.[39mlength)[33m.[39mtoBeGreaterThan([35m0[39m)[33m;[39m
     [90m 119 |[39m   })[33m;[39m[0m

      at Object.getElementError (node_modules/@testing-library/dom/dist/config.js:37:19)
      at node_modules/@testing-library/dom/dist/query-helpers.js:76:38
      at getAllByText (node_modules/@testing-library/dom/dist/query-helpers.js:109:15)
      at Object.<anonymous> (src/pages/organization/DepartmentManagement.test.tsx:116:19)

Test Suites: 2 failed, 2 total
Tests:       2 failed, 13 skipped, 15 total
Snapshots:   0 total
Time:        9.325 s, estimated 14 s
Ran all test suites matching /src\\pages\\organization\\DepartmentManagement.test.tsx|the|department|list|with|audit|columns/i with tests matching "renders".
Force exiting Jest: Have you considered using `--detectOpenHandles` to detect async operations that kept running after all tests finished?

